Archive member included to satisfy reference by file (symbol)

c:/st/stm32cubeide_1.10.1/stm32cubeide/plugins/com.st.stm32cube.ide.mcu.externaltools.gnu-tools-for-stm32.10.3-2021.10.win32_1.0.0.202111181127/tools/bin/../lib/gcc/arm-none-eabi/10.3.1/../../../../arm-none-eabi/lib/thumb/v7e-m/nofp\libc_nano.a(lib_a-errno.o)
                              ./Core/Src/syscalls.o (__errno)
c:/st/stm32cubeide_1.10.1/stm32cubeide/plugins/com.st.stm32cube.ide.mcu.externaltools.gnu-tools-for-stm32.10.3-2021.10.win32_1.0.0.202111181127/tools/bin/../lib/gcc/arm-none-eabi/10.3.1/../../../../arm-none-eabi/lib/thumb/v7e-m/nofp\libc_nano.a(lib_a-exit.o)
                              c:/st/stm32cubeide_1.10.1/stm32cubeide/plugins/com.st.stm32cube.ide.mcu.externaltools.gnu-tools-for-stm32.10.3-2021.10.win32_1.0.0.202111181127/tools/bin/../lib/gcc/arm-none-eabi/10.3.1/../../../../arm-none-eabi/lib/thumb/v7e-m/nofp/crt0.o (exit)
c:/st/stm32cubeide_1.10.1/stm32cubeide/plugins/com.st.stm32cube.ide.mcu.externaltools.gnu-tools-for-stm32.10.3-2021.10.win32_1.0.0.202111181127/tools/bin/../lib/gcc/arm-none-eabi/10.3.1/../../../../arm-none-eabi/lib/thumb/v7e-m/nofp\libc_nano.a(lib_a-impure.o)
                              c:/st/stm32cubeide_1.10.1/stm32cubeide/plugins/com.st.stm32cube.ide.mcu.externaltools.gnu-tools-for-stm32.10.3-2021.10.win32_1.0.0.202111181127/tools/bin/../lib/gcc/arm-none-eabi/10.3.1/../../../../arm-none-eabi/lib/thumb/v7e-m/nofp\libc_nano.a(lib_a-exit.o) (_global_impure_ptr)
c:/st/stm32cubeide_1.10.1/stm32cubeide/plugins/com.st.stm32cube.ide.mcu.externaltools.gnu-tools-for-stm32.10.3-2021.10.win32_1.0.0.202111181127/tools/bin/../lib/gcc/arm-none-eabi/10.3.1/../../../../arm-none-eabi/lib/thumb/v7e-m/nofp\libc_nano.a(lib_a-init.o)
                              c:/st/stm32cubeide_1.10.1/stm32cubeide/plugins/com.st.stm32cube.ide.mcu.externaltools.gnu-tools-for-stm32.10.3-2021.10.win32_1.0.0.202111181127/tools/bin/../lib/gcc/arm-none-eabi/10.3.1/../../../../arm-none-eabi/lib/thumb/v7e-m/nofp/crt0.o (__libc_init_array)
c:/st/stm32cubeide_1.10.1/stm32cubeide/plugins/com.st.stm32cube.ide.mcu.externaltools.gnu-tools-for-stm32.10.3-2021.10.win32_1.0.0.202111181127/tools/bin/../lib/gcc/arm-none-eabi/10.3.1/../../../../arm-none-eabi/lib/thumb/v7e-m/nofp\libc_nano.a(lib_a-memset.o)
                              c:/st/stm32cubeide_1.10.1/stm32cubeide/plugins/com.st.stm32cube.ide.mcu.externaltools.gnu-tools-for-stm32.10.3-2021.10.win32_1.0.0.202111181127/tools/bin/../lib/gcc/arm-none-eabi/10.3.1/../../../../arm-none-eabi/lib/thumb/v7e-m/nofp/crt0.o (memset)
c:/st/stm32cubeide_1.10.1/stm32cubeide/plugins/com.st.stm32cube.ide.mcu.externaltools.gnu-tools-for-stm32.10.3-2021.10.win32_1.0.0.202111181127/tools/bin/../lib/gcc/arm-none-eabi/10.3.1/thumb/v7e-m/nofp\libgcc.a(_aeabi_uldivmod.o)
                              ./Drivers/STM32WLxx_HAL_Driver/stm32wlxx_hal_uart.o (__aeabi_uldivmod)
c:/st/stm32cubeide_1.10.1/stm32cubeide/plugins/com.st.stm32cube.ide.mcu.externaltools.gnu-tools-for-stm32.10.3-2021.10.win32_1.0.0.202111181127/tools/bin/../lib/gcc/arm-none-eabi/10.3.1/thumb/v7e-m/nofp\libgcc.a(_udivmoddi4.o)
                              c:/st/stm32cubeide_1.10.1/stm32cubeide/plugins/com.st.stm32cube.ide.mcu.externaltools.gnu-tools-for-stm32.10.3-2021.10.win32_1.0.0.202111181127/tools/bin/../lib/gcc/arm-none-eabi/10.3.1/thumb/v7e-m/nofp\libgcc.a(_aeabi_uldivmod.o) (__udivmoddi4)
c:/st/stm32cubeide_1.10.1/stm32cubeide/plugins/com.st.stm32cube.ide.mcu.externaltools.gnu-tools-for-stm32.10.3-2021.10.win32_1.0.0.202111181127/tools/bin/../lib/gcc/arm-none-eabi/10.3.1/thumb/v7e-m/nofp\libgcc.a(_dvmd_tls.o)
                              c:/st/stm32cubeide_1.10.1/stm32cubeide/plugins/com.st.stm32cube.ide.mcu.externaltools.gnu-tools-for-stm32.10.3-2021.10.win32_1.0.0.202111181127/tools/bin/../lib/gcc/arm-none-eabi/10.3.1/thumb/v7e-m/nofp\libgcc.a(_aeabi_uldivmod.o) (__aeabi_ldiv0)

Discarded input sections

 .text          0x0000000000000000        0x0 c:/st/stm32cubeide_1.10.1/stm32cubeide/plugins/com.st.stm32cube.ide.mcu.externaltools.gnu-tools-for-stm32.10.3-2021.10.win32_1.0.0.202111181127/tools/bin/../lib/gcc/arm-none-eabi/10.3.1/thumb/v7e-m/nofp/crti.o
 .data          0x0000000000000000        0x0 c:/st/stm32cubeide_1.10.1/stm32cubeide/plugins/com.st.stm32cube.ide.mcu.externaltools.gnu-tools-for-stm32.10.3-2021.10.win32_1.0.0.202111181127/tools/bin/../lib/gcc/arm-none-eabi/10.3.1/thumb/v7e-m/nofp/crti.o
 .bss           0x0000000000000000        0x0 c:/st/stm32cubeide_1.10.1/stm32cubeide/plugins/com.st.stm32cube.ide.mcu.externaltools.gnu-tools-for-stm32.10.3-2021.10.win32_1.0.0.202111181127/tools/bin/../lib/gcc/arm-none-eabi/10.3.1/thumb/v7e-m/nofp/crti.o
 .data          0x0000000000000000        0x4 c:/st/stm32cubeide_1.10.1/stm32cubeide/plugins/com.st.stm32cube.ide.mcu.externaltools.gnu-tools-for-stm32.10.3-2021.10.win32_1.0.0.202111181127/tools/bin/../lib/gcc/arm-none-eabi/10.3.1/thumb/v7e-m/nofp/crtbegin.o
[...]
Memory Configuration

Name             Origin             Length             Attributes
RAM              0x0000000020000000 0x0000000000008000 xrw
FLASH            0x0000000008000000 0x0000000000020000 xr
*default*        0x0000000000000000 0xffffffffffffffff

Linker script and memory map

LOAD c:/st/stm32cubeide_1.10.1/stm32cubeide/plugins/com.st.stm32cube.ide.mcu.externaltools.gnu-tools-for-stm32.10.3-2021.10.win32_1.0.0.202111181127/tools/bin/../lib/gcc/arm-none-eabi/10.3.1/thumb/v7e-m/nofp/crti.o
LOAD c:/st/stm32cubeide_1.10.1/stm32cubeide/plugins/com.st.stm32cube.ide.mcu.externaltools.gnu-tools-for-stm32.10.3-2021.10.win32_1.0.0.202111181127/tools/bin/../lib/gcc/arm-none-eabi/10.3.1/thumb/v7e-m/nofp/crtbegin.o
LOAD c:/st/stm32cubeide_1.10.1/stm32cubeide/plugins/com.st.stm32cube.ide.mcu.externaltools.gnu-tools-for-stm32.10.3-2021.10.win32_1.0.0.202111181127/tools/bin/../lib/gcc/arm-none-eabi/10.3.1/../../../../arm-none-eabi/lib/thumb/v7e-m/nofp/crt0.o
LOAD ./Common/System/system_stm32wlxx.o
LOAD ./Core/Src/gpio.o
LOAD ./Core/Src/i2c.o
LOAD ./Core/Src/main.o
LOAD ./Core/Src/stm32wlxx_hal_msp.o
LOAD ./Core/Src/stm32wlxx_it.o
LOAD ./Core/Src/syscalls.o
LOAD ./Core/Src/sysmem.o
LOAD ./Core/Src/usart.o
LOAD ./Core/Startup/startup_stm32wl55jcix.o
LOAD ./Drivers/STM32WLxx_HAL_Driver/stm32wlxx_hal.o
LOAD ./Drivers/STM32WLxx_HAL_Driver/stm32wlxx_hal_cortex.o
LOAD ./Drivers/STM32WLxx_HAL_Driver/stm32wlxx_hal_dma.o
LOAD ./Drivers/STM32WLxx_HAL_Driver/stm32wlxx_hal_dma_ex.o
LOAD ./Drivers/STM32WLxx_HAL_Driver/stm32wlxx_hal_exti.o
LOAD ./Drivers/STM32WLxx_HAL_Driver/stm32wlxx_hal_flash.o
LOAD ./Drivers/STM32WLxx_HAL_Driver/stm32wlxx_hal_flash_ex.o
LOAD ./Drivers/STM32WLxx_HAL_Driver/stm32wlxx_hal_gpio.o
LOAD ./Drivers/STM32WLxx_HAL_Driver/stm32wlxx_hal_i2c.o
LOAD ./Drivers/STM32WLxx_HAL_Driver/stm32wlxx_hal_i2c_ex.o
LOAD ./Drivers/STM32WLxx_HAL_Driver/stm32wlxx_hal_pwr.o
LOAD ./Drivers/STM32WLxx_HAL_Driver/stm32wlxx_hal_pwr_ex.o
LOAD ./Drivers/STM32WLxx_HAL_Driver/stm32wlxx_hal_rcc.o
LOAD ./Drivers/STM32WLxx_HAL_Driver/stm32wlxx_hal_rcc_ex.o
LOAD ./Drivers/STM32WLxx_HAL_Driver/stm32wlxx_hal_tim.o
LOAD ./Drivers/STM32WLxx_HAL_Driver/stm32wlxx_hal_tim_ex.o
LOAD ./Drivers/STM32WLxx_HAL_Driver/stm32wlxx_hal_uart.o
LOAD ./Drivers/STM32WLxx_HAL_Driver/stm32wlxx_hal_uart_ex.o
START GROUP
LOAD c:/st/stm32cubeide_1.10.1/stm32cubeide/plugins/com.st.stm32cube.ide.mcu.externaltools.gnu-tools-for-stm32.10.3-2021.10.win32_1.0.0.202111181127/tools/bin/../lib/gcc/arm-none-eabi/10.3.1/../../../../arm-none-eabi/lib/thumb/v7e-m/nofp\libc_nano.a
LOAD c:/st/stm32cubeide_1.10.1/stm32cubeide/plugins/com.st.stm32cube.ide.mcu.externaltools.gnu-tools-for-stm32.10.3-2021.10.win32_1.0.0.202111181127/tools/bin/../lib/gcc/arm-none-eabi/10.3.1/../../../../arm-none-eabi/lib/thumb/v7e-m/nofp\libm.a
END GROUP
START GROUP
LOAD c:/st/stm32cubeide_1.10.1/stm32cubeide/plugins/com.st.stm32cube.ide.mcu.externaltools.gnu-tools-for-stm32.10.3-2021.10.win32_1.0.0.202111181127/tools/bin/../lib/gcc/arm-none-eabi/10.3.1/thumb/v7e-m/nofp\libgcc.a
LOAD c:/st/stm32cubeide_1.10.1/stm32cubeide/plugins/com.st.stm32cube.ide.mcu.externaltools.gnu-tools-for-stm32.10.3-2021.10.win32_1.0.0.202111181127/tools/bin/../lib/gcc/arm-none-eabi/10.3.1/../../../../arm-none-eabi/lib/thumb/v7e-m/nofp\libc_nano.a
END GROUP
START GROUP
LOAD c:/st/stm32cubeide_1.10.1/stm32cubeide/plugins/com.st.stm32cube.ide.mcu.externaltools.gnu-tools-for-stm32.10.3-2021.10.win32_1.0.0.202111181127/tools/bin/../lib/gcc/arm-none-eabi/10.3.1/thumb/v7e-m/nofp\libgcc.a
LOAD c:/st/stm32cubeide_1.10.1/stm32cubeide/plugins/com.st.stm32cube.ide.mcu.externaltools.gnu-tools-for-stm32.10.3-2021.10.win32_1.0.0.202111181127/tools/bin/../lib/gcc/arm-none-eabi/10.3.1/../../../../arm-none-eabi/lib/thumb/v7e-m/nofp\libc_nano.a
LOAD c:/st/stm32cubeide_1.10.1/stm32cubeide/plugins/com.st.stm32cube.ide.mcu.externaltools.gnu-tools-for-stm32.10.3-2021.10.win32_1.0.0.202111181127/tools/bin/../lib/gcc/arm-none-eabi/10.3.1/../../../../arm-none-eabi/lib/thumb/v7e-m/nofp\libnosys.a
END GROUP
START GROUP
LOAD c:/st/stm32cubeide_1.10.1/stm32cubeide/plugins/com.st.stm32cube.ide.mcu.externaltools.gnu-tools-for-stm32.10.3-2021.10.win32_1.0.0.202111181127/tools/bin/../lib/gcc/arm-none-eabi/10.3.1/thumb/v7e-m/nofp\libgcc.a
LOAD c:/st/stm32cubeide_1.10.1/stm32cubeide/plugins/com.st.stm32cube.ide.mcu.externaltools.gnu-tools-for-stm32.10.3-2021.10.win32_1.0.0.202111181127/tools/bin/../lib/gcc/arm-none-eabi/10.3.1/../../../../arm-none-eabi/lib/thumb/v7e-m/nofp\libc_nano.a
LOAD c:/st/stm32cubeide_1.10.1/stm32cubeide/plugins/com.st.stm32cube.ide.mcu.externaltools.gnu-tools-for-stm32.10.3-2021.10.win32_1.0.0.202111181127/tools/bin/../lib/gcc/arm-none-eabi/10.3.1/../../../../arm-none-eabi/lib/thumb/v7e-m/nofp\libnosys.a
END GROUP
LOAD c:/st/stm32cubeide_1.10.1/stm32cubeide/plugins/com.st.stm32cube.ide.mcu.externaltools.gnu-tools-for-stm32.10.3-2021.10.win32_1.0.0.202111181127/tools/bin/../lib/gcc/arm-none-eabi/10.3.1/thumb/v7e-m/nofp/crtend.o
LOAD c:/st/stm32cubeide_1.10.1/stm32cubeide/plugins/com.st.stm32cube.ide.mcu.externaltools.gnu-tools-for-stm32.10.3-2021.10.win32_1.0.0.202111181127/tools/bin/../lib/gcc/arm-none-eabi/10.3.1/thumb/v7e-m/nofp/crtn.o
                0x0000000020008000                _estack = (ORIGIN (RAM) + LENGTH (RAM))
                0x0000000000000200                _Min_Heap_Size = 0x200
                0x0000000000000400                _Min_Stack_Size = 0x400

.isr_vector     0x0000000008000000      0x138
                0x0000000008000000                . = ALIGN (0x4)
 *(.isr_vector)
 .isr_vector    0x0000000008000000      0x138 ./Core/Startup/startup_stm32wl55jcix.o
                0x0000000008000000                g_pfnVectors
                0x0000000008000138                . = ALIGN (0x4)

.text           0x0000000008000138     0x3ce4
                0x0000000008000138                . = ALIGN (0x4)
 *(.text)
 .text          0x0000000008000138       0x40 c:/st/stm32cubeide_1.10.1/stm32cubeide/plugins/com.st.stm32cube.ide.mcu.externaltools.gnu-tools-for-stm32.10.3-2021.10.win32_1.0.0.202111181127/tools/bin/../lib/gcc/arm-none-eabi/10.3.1/thumb/v7e-m/nofp/crtbegin.o
 .text          0x0000000008000178       0x30 c:/st/stm32cubeide_1.10.1/stm32cubeide/plugins/com.st.stm32cube.ide.mcu.externaltools.gnu-tools-for-stm32.10.3-2021.10.win32_1.0.0.202111181127/tools/bin/../lib/gcc/arm-none-eabi/10.3.1/thumb/v7e-m/nofp\libgcc.a(_aeabi_uldivmod.o)
                0x0000000008000178                __aeabi_uldivmod
 .text          0x00000000080001a8      0x2d0 c:/st/stm32cubeide_1.10.1/stm32cubeide/plugins/com.st.stm32cube.ide.mcu.externaltools.gnu-tools-for-stm32.10.3-2021.10.win32_1.0.0.202111181127/tools/bin/../lib/gcc/arm-none-eabi/10.3.1/thumb/v7e-m/nofp\libgcc.a(_udivmoddi4.o)
                0x00000000080001a8                __udivmoddi4
 .text          0x0000000008000478        0x4 c:/st/stm32cubeide_1.10.1/stm32cubeide/plugins/com.st.stm32cube.ide.mcu.externaltools.gnu-tools-for-stm32.10.3-2021.10.win32_1.0.0.202111181127/tools/bin/../lib/gcc/arm-none-eabi/10.3.1/thumb/v7e-m/nofp\libgcc.a(_dvmd_tls.o)
                0x0000000008000478                __aeabi_idiv0
                0x0000000008000478                __aeabi_ldiv0
 *(.text*)
 .text.SystemInit
                0x000000000800047c        0xc ./Common/System/system_stm32wlxx.o
                0x000000000800047c                SystemInit
 .text.LL_AHB2_GRP1_EnableClock
                0x0000000008000488       0x30 ./Core/Src/gpio.o
 .text.MX_GPIO_Init
                0x00000000080004b8       0x5c ./Core/Src/gpio.o
                0x00000000080004b8                MX_GPIO_Init
 .text.LL_AHB2_GRP1_EnableClock
                0x0000000008000514       0x30 ./Core/Src/i2c.o
 .text.LL_APB1_GRP1_EnableClock
                0x0000000008000544       0x30 ./Core/Src/i2c.o
 .text.MX_I2C1_Init
                0x0000000008000574       0x7c ./Core/Src/i2c.o
                0x0000000008000574                MX_I2C1_Init
 .text.HAL_I2C_MspInit
                0x00000000080005f0       0x90 ./Core/Src/i2c.o
                0x00000000080005f0                HAL_I2C_MspInit
 .text.LCD_Init
                0x0000000008000680       0x2c ./Core/Src/i2c.o
                0x0000000008000680                LCD_Init
 .text.LCD_Send_Cmd
                0x00000000080006ac       0xa0 ./Core/Src/i2c.o
                0x00000000080006ac                LCD_Send_Cmd
 .text.LCD_Send_Data
                0x000000000800074c       0x9c ./Core/Src/i2c.o
                0x000000000800074c                LCD_Send_Data
 .text.LCD_Send_String
                0x00000000080007e8       0x2a ./Core/Src/i2c.o
                0x00000000080007e8                LCD_Send_String
 .text.LCD_Send_String_On_Line1
                0x0000000008000812       0x1c ./Core/Src/i2c.o
                0x0000000008000812                LCD_Send_String_On_Line1
 .text.LCD_Send_String_On_Line2
                0x000000000800082e       0x1c ./Core/Src/i2c.o
                0x000000000800082e                LCD_Send_String_On_Line2
 .text.LL_RCC_LSE_SetDriveCapability
                0x000000000800084a       0x2a ./Core/Src/main.o
 .text.main     0x0000000008000874       0x38 ./Core/Src/main.o
                0x0000000008000874                main
 .text.SystemClock_Config
                0x00000000080008ac       0xb4 ./Core/Src/main.o
                0x00000000080008ac                SystemClock_Config
 .text.Error_Handler
                0x0000000008000960        0xa ./Core/Src/main.o
                0x0000000008000960                Error_Handler
 .text.HAL_MspInit
                0x000000000800096a        0xc ./Core/Src/stm32wlxx_hal_msp.o
                0x000000000800096a                HAL_MspInit
 .text.NMI_Handler
                0x0000000008000976        0x6 ./Core/Src/stm32wlxx_it.o
                0x0000000008000976                NMI_Handler
 .text.HardFault_Handler
                0x000000000800097c        0x6 ./Core/Src/stm32wlxx_it.o
                0x000000000800097c                HardFault_Handler
 .text.MemManage_Handler
                0x0000000008000982        0x6 ./Core/Src/stm32wlxx_it.o
                0x0000000008000982                MemManage_Handler
 .text.BusFault_Handler
                0x0000000008000988        0x6 ./Core/Src/stm32wlxx_it.o
                0x0000000008000988                BusFault_Handler
 .text.UsageFault_Handler
                0x000000000800098e        0x6 ./Core/Src/stm32wlxx_it.o
                0x000000000800098e                UsageFault_Handler
 .text.SVC_Handler
                0x0000000008000994        0xc ./Core/Src/stm32wlxx_it.o
                0x0000000008000994                SVC_Handler
 .text.DebugMon_Handler
                0x00000000080009a0        0xc ./Core/Src/stm32wlxx_it.o
                0x00000000080009a0                DebugMon_Handler
 .text.PendSV_Handler
                0x00000000080009ac        0xc ./Core/Src/stm32wlxx_it.o
                0x00000000080009ac                PendSV_Handler
 .text.SysTick_Handler
                0x00000000080009b8        0xc ./Core/Src/stm32wlxx_it.o
                0x00000000080009b8                SysTick_Handler
 .text.LL_AHB2_GRP1_EnableClock
                0x00000000080009c4       0x30 ./Core/Src/usart.o
 .text.LL_APB1_GRP1_EnableClock
                0x00000000080009f4       0x30 ./Core/Src/usart.o
 .text.MX_USART2_UART_Init
                0x0000000008000a24       0x98 ./Core/Src/usart.o
                0x0000000008000a24                MX_USART2_UART_Init
 .text.HAL_UART_MspInit
                0x0000000008000abc       0x8c ./Core/Src/usart.o
                0x0000000008000abc                HAL_UART_MspInit
 .text.Reset_Handler
                0x0000000008000b48       0x50 ./Core/Startup/startup_stm32wl55jcix.o
                0x0000000008000b48                Reset_Handler
 .text.Default_Handler
                0x0000000008000b98        0x2 ./Core/Startup/startup_stm32wl55jcix.o
                0x0000000008000b98                RTC_Alarm_IRQHandler
                0x0000000008000b98                EXTI2_IRQHandler
                0x0000000008000b98                TIM1_CC_IRQHandler
                0x0000000008000b98                EXTI3_IRQHandler
                0x0000000008000b98                LPTIM2_IRQHandler
                0x0000000008000b98                I2C3_ER_IRQHandler
                0x0000000008000b98                LPTIM3_IRQHandler
                0x0000000008000b98                EXTI0_IRQHandler
                0x0000000008000b98                I2C2_EV_IRQHandler
                0x0000000008000b98                TAMP_STAMP_LSECSS_SSRU_IRQHandler
                0x0000000008000b98                SPI1_IRQHandler
                0x0000000008000b98                DMA2_Channel2_IRQHandler
                0x0000000008000b98                DMA1_Channel4_IRQHandler
                0x0000000008000b98                PKA_IRQHandler
                0x0000000008000b98                TIM17_IRQHandler
                0x0000000008000b98                DMA1_Channel7_IRQHandler
                0x0000000008000b98                SUBGHZSPI_IRQHandler
                0x0000000008000b98                IPCC_C1_TX_IRQHandler
                0x0000000008000b98                DMA2_Channel1_IRQHandler
                0x0000000008000b98                I2C1_EV_IRQHandler
                0x0000000008000b98                SUBGHZ_Radio_IRQHandler
                0x0000000008000b98                DMAMUX1_OVR_IRQHandler
                0x0000000008000b98                DMA1_Channel6_IRQHandler
                0x0000000008000b98                TIM16_IRQHandler
                0x0000000008000b98                DMA2_Channel4_IRQHandler
                0x0000000008000b98                RCC_IRQHandler
                0x0000000008000b98                TIM1_TRG_COM_IRQHandler
                0x0000000008000b98                DMA1_Channel1_IRQHandler
                0x0000000008000b98                Default_Handler
                0x0000000008000b98                DMA2_Channel7_IRQHandler
                0x0000000008000b98                EXTI15_10_IRQHandler
                0x0000000008000b98                IPCC_C1_RX_IRQHandler
                0x0000000008000b98                ADC_IRQHandler
                0x0000000008000b98                C2SEV_PWR_C2H_IRQHandler
                0x0000000008000b98                I2C3_EV_IRQHandler
                0x0000000008000b98                EXTI9_5_IRQHandler
                0x0000000008000b98                RTC_WKUP_IRQHandler
                0x0000000008000b98                PVD_PVM_IRQHandler
                0x0000000008000b98                SPI2_IRQHandler
                0x0000000008000b98                DMA2_Channel5_IRQHandler
                0x0000000008000b98                DMA1_Channel5_IRQHandler
                0x0000000008000b98                EXTI4_IRQHandler
                0x0000000008000b98                RNG_IRQHandler
                0x0000000008000b98                DMA1_Channel3_IRQHandler
                0x0000000008000b98                COMP_IRQHandler
                0x0000000008000b98                HSEM_IRQHandler
                0x0000000008000b98                TIM1_UP_IRQHandler
                0x0000000008000b98                WWDG_IRQHandler
                0x0000000008000b98                LPUART1_IRQHandler
                0x0000000008000b98                DMA2_Channel6_IRQHandler
                0x0000000008000b98                TIM2_IRQHandler
                0x0000000008000b98                TIM1_BRK_IRQHandler
                0x0000000008000b98                DAC_IRQHandler
                0x0000000008000b98                EXTI1_IRQHandler
                0x0000000008000b98                AES_IRQHandler
                0x0000000008000b98                USART2_IRQHandler
                0x0000000008000b98                I2C2_ER_IRQHandler
                0x0000000008000b98                DMA1_Channel2_IRQHandler
                0x0000000008000b98                FLASH_IRQHandler
                0x0000000008000b98                USART1_IRQHandler
                0x0000000008000b98                I2C1_ER_IRQHandler
                0x0000000008000b98                LPTIM1_IRQHandler
                0x0000000008000b98                DMA2_Channel3_IRQHandler
 *fill*         0x0000000008000b9a        0x2 
 .text.HAL_Init
                0x0000000008000b9c       0x40 ./Drivers/STM32WLxx_HAL_Driver/stm32wlxx_hal.o
                0x0000000008000b9c                HAL_Init
 .text.HAL_InitTick
                0x0000000008000bdc       0x74 ./Drivers/STM32WLxx_HAL_Driver/stm32wlxx_hal.o
                0x0000000008000bdc                HAL_InitTick
 .text.HAL_IncTick
                0x0000000008000c50       0x24 ./Drivers/STM32WLxx_HAL_Driver/stm32wlxx_hal.o
                0x0000000008000c50                HAL_IncTick
 .text.HAL_GetTick
                0x0000000008000c74       0x14 ./Drivers/STM32WLxx_HAL_Driver/stm32wlxx_hal.o
                0x0000000008000c74                HAL_GetTick
 .text.HAL_Delay
                0x0000000008000c88       0x48 ./Drivers/STM32WLxx_HAL_Driver/stm32wlxx_hal.o
                0x0000000008000c88                HAL_Delay
 .text.__NVIC_SetPriorityGrouping
                0x0000000008000cd0       0x48 ./Drivers/STM32WLxx_HAL_Driver/stm32wlxx_hal_cortex.o
 .text.__NVIC_GetPriorityGrouping
                0x0000000008000d18       0x1c ./Drivers/STM32WLxx_HAL_Driver/stm32wlxx_hal_cortex.o
 .text.__NVIC_SetPriority
                0x0000000008000d34       0x54 ./Drivers/STM32WLxx_HAL_Driver/stm32wlxx_hal_cortex.o
 .text.NVIC_EncodePriority
                0x0000000008000d88       0x64 ./Drivers/STM32WLxx_HAL_Driver/stm32wlxx_hal_cortex.o
 .text.SysTick_Config
                0x0000000008000dec       0x44 ./Drivers/STM32WLxx_HAL_Driver/stm32wlxx_hal_cortex.o
 .text.HAL_NVIC_SetPriorityGrouping
                0x0000000008000e30       0x16 ./Drivers/STM32WLxx_HAL_Driver/stm32wlxx_hal_cortex.o
                0x0000000008000e30                HAL_NVIC_SetPriorityGrouping
 .text.HAL_NVIC_SetPriority
                0x0000000008000e46       0x34 ./Drivers/STM32WLxx_HAL_Driver/stm32wlxx_hal_cortex.o
                0x0000000008000e46                HAL_NVIC_SetPriority
 .text.HAL_SYSTICK_Config
                0x0000000008000e7a       0x18 ./Drivers/STM32WLxx_HAL_Driver/stm32wlxx_hal_cortex.o
                0x0000000008000e7a                HAL_SYSTICK_Config
 *fill*         0x0000000008000e92        0x2 
 .text.HAL_GPIO_Init
                0x0000000008000e94      0x2c0 ./Drivers/STM32WLxx_HAL_Driver/stm32wlxx_hal_gpio.o
                0x0000000008000e94                HAL_GPIO_Init
 .text.HAL_GPIO_WritePin
                0x0000000008001154       0x2e ./Drivers/STM32WLxx_HAL_Driver/stm32wlxx_hal_gpio.o
                0x0000000008001154                HAL_GPIO_WritePin
 .text.HAL_I2C_Init
                0x0000000008001182      0x11e ./Drivers/STM32WLxx_HAL_Driver/stm32wlxx_hal_i2c.o
                0x0000000008001182                HAL_I2C_Init
 .text.HAL_I2C_Master_Transmit
                0x00000000080012a0      0x1e8 ./Drivers/STM32WLxx_HAL_Driver/stm32wlxx_hal_i2c.o
                0x00000000080012a0                HAL_I2C_Master_Transmit
 .text.HAL_I2C_IsDeviceReady
                0x0000000008001488      0x20e ./Drivers/STM32WLxx_HAL_Driver/stm32wlxx_hal_i2c.o
                0x0000000008001488                HAL_I2C_IsDeviceReady
 .text.I2C_Flush_TXDR
                0x0000000008001696       0x46 ./Drivers/STM32WLxx_HAL_Driver/stm32wlxx_hal_i2c.o
 .text.I2C_WaitOnFlagUntilTimeout
                0x00000000080016dc       0x80 ./Drivers/STM32WLxx_HAL_Driver/stm32wlxx_hal_i2c.o
 .text.I2C_WaitOnTXISFlagUntilTimeout
                0x000000000800175c       0x80 ./Drivers/STM32WLxx_HAL_Driver/stm32wlxx_hal_i2c.o
 .text.I2C_WaitOnSTOPFlagUntilTimeout
                0x00000000080017dc       0x78 ./Drivers/STM32WLxx_HAL_Driver/stm32wlxx_hal_i2c.o
 .text.I2C_IsErrorOccurred
                0x0000000008001854      0x1d8 ./Drivers/STM32WLxx_HAL_Driver/stm32wlxx_hal_i2c.o
 .text.I2C_TransferConfig
                0x0000000008001a2c       0x60 ./Drivers/STM32WLxx_HAL_Driver/stm32wlxx_hal_i2c.o
 .text.HAL_I2CEx_ConfigAnalogFilter
                0x0000000008001a8c       0x94 ./Drivers/STM32WLxx_HAL_Driver/stm32wlxx_hal_i2c_ex.o
                0x0000000008001a8c                HAL_I2CEx_ConfigAnalogFilter
 .text.HAL_I2CEx_ConfigDigitalFilter
                0x0000000008001b20       0x96 ./Drivers/STM32WLxx_HAL_Driver/stm32wlxx_hal_i2c_ex.o
                0x0000000008001b20                HAL_I2CEx_ConfigDigitalFilter
 *fill*         0x0000000008001bb6        0x2 
 .text.HAL_PWR_EnableBkUpAccess
                0x0000000008001bb8       0x1c ./Drivers/STM32WLxx_HAL_Driver/stm32wlxx_hal_pwr.o
                0x0000000008001bb8                HAL_PWR_EnableBkUpAccess
 .text.LL_PWR_EnableBootC2
                0x0000000008001bd4       0x1c ./Drivers/STM32WLxx_HAL_Driver/stm32wlxx_hal_pwr_ex.o
 .text.HAL_PWREx_GetVoltageRange
                0x0000000008001bf0       0x18 ./Drivers/STM32WLxx_HAL_Driver/stm32wlxx_hal_pwr_ex.o
                0x0000000008001bf0                HAL_PWREx_GetVoltageRange
 .text.HAL_PWREx_ReleaseCore
                0x0000000008001c08       0x14 ./Drivers/STM32WLxx_HAL_Driver/stm32wlxx_hal_pwr_ex.o
                0x0000000008001c08                HAL_PWREx_ReleaseCore
 .text.LL_PWR_IsEnabledBkUpAccess
                0x0000000008001c1c       0x24 ./Drivers/STM32WLxx_HAL_Driver/stm32wlxx_hal_rcc.o
 .text.LL_RCC_HSE_EnableTcxo
                0x0000000008001c40       0x1c ./Drivers/STM32WLxx_HAL_Driver/stm32wlxx_hal_rcc.o
 .text.LL_RCC_HSE_DisableTcxo
                0x0000000008001c5c       0x1c ./Drivers/STM32WLxx_HAL_Driver/stm32wlxx_hal_rcc.o
 .text.LL_RCC_HSE_IsEnabledDiv2
                0x0000000008001c78       0x22 ./Drivers/STM32WLxx_HAL_Driver/stm32wlxx_hal_rcc.o
 .text.LL_RCC_HSE_Enable
                0x0000000008001c9a       0x1c ./Drivers/STM32WLxx_HAL_Driver/stm32wlxx_hal_rcc.o
 .text.LL_RCC_HSE_Disable
                0x0000000008001cb6       0x1c ./Drivers/STM32WLxx_HAL_Driver/stm32wlxx_hal_rcc.o
 .text.LL_RCC_HSE_IsReady
                0x0000000008001cd2       0x22 ./Drivers/STM32WLxx_HAL_Driver/stm32wlxx_hal_rcc.o
 .text.LL_RCC_HSI_Enable
                0x0000000008001cf4       0x1c ./Drivers/STM32WLxx_HAL_Driver/stm32wlxx_hal_rcc.o
 .text.LL_RCC_HSI_Disable
                0x0000000008001d10       0x1c ./Drivers/STM32WLxx_HAL_Driver/stm32wlxx_hal_rcc.o
 .text.LL_RCC_HSI_IsReady
                0x0000000008001d2c       0x22 ./Drivers/STM32WLxx_HAL_Driver/stm32wlxx_hal_rcc.o
 .text.LL_RCC_HSI_SetCalibTrimming
                0x0000000008001d4e       0x28 ./Drivers/STM32WLxx_HAL_Driver/stm32wlxx_hal_rcc.o
 .text.LL_RCC_LSE_IsReady
                0x0000000008001d76       0x22 ./Drivers/STM32WLxx_HAL_Driver/stm32wlxx_hal_rcc.o
 .text.LL_RCC_LSI_Enable
                0x0000000008001d98       0x20 ./Drivers/STM32WLxx_HAL_Driver/stm32wlxx_hal_rcc.o
 .text.LL_RCC_LSI_Disable
                0x0000000008001db8       0x20 ./Drivers/STM32WLxx_HAL_Driver/stm32wlxx_hal_rcc.o
 .text.LL_RCC_LSI_IsReady
                0x0000000008001dd8       0x22 ./Drivers/STM32WLxx_HAL_Driver/stm32wlxx_hal_rcc.o
 .text.LL_RCC_MSI_Enable
                0x0000000008001dfa       0x1c ./Drivers/STM32WLxx_HAL_Driver/stm32wlxx_hal_rcc.o
 .text.LL_RCC_MSI_Disable
                0x0000000008001e16       0x1c ./Drivers/STM32WLxx_HAL_Driver/stm32wlxx_hal_rcc.o
 .text.LL_RCC_MSI_IsReady
                0x0000000008001e32       0x20 ./Drivers/STM32WLxx_HAL_Driver/stm32wlxx_hal_rcc.o
 .text.LL_RCC_MSI_IsEnabledRangeSelect
                0x0000000008001e52       0x20 ./Drivers/STM32WLxx_HAL_Driver/stm32wlxx_hal_rcc.o
 .text.LL_RCC_MSI_GetRange
                0x0000000008001e72       0x16 ./Drivers/STM32WLxx_HAL_Driver/stm32wlxx_hal_rcc.o
 .text.LL_RCC_MSI_GetRangeAfterStandby
                0x0000000008001e88       0x18 ./Drivers/STM32WLxx_HAL_Driver/stm32wlxx_hal_rcc.o
 .text.LL_RCC_MSI_SetCalibTrimming
                0x0000000008001ea0       0x28 ./Drivers/STM32WLxx_HAL_Driver/stm32wlxx_hal_rcc.o
 .text.LL_RCC_SetSysClkSource
                0x0000000008001ec8       0x26 ./Drivers/STM32WLxx_HAL_Driver/stm32wlxx_hal_rcc.o
 .text.LL_RCC_GetSysClkSource
                0x0000000008001eee       0x16 ./Drivers/STM32WLxx_HAL_Driver/stm32wlxx_hal_rcc.o
 .text.LL_RCC_SetAHBPrescaler
                0x0000000008001f04       0x26 ./Drivers/STM32WLxx_HAL_Driver/stm32wlxx_hal_rcc.o
 .text.LL_C2_RCC_SetAHBPrescaler
                0x0000000008001f2a       0x2a ./Drivers/STM32WLxx_HAL_Driver/stm32wlxx_hal_rcc.o
 .text.LL_RCC_SetAHB3Prescaler
                0x0000000008001f54       0x2c ./Drivers/STM32WLxx_HAL_Driver/stm32wlxx_hal_rcc.o
 .text.LL_RCC_SetAPB1Prescaler
                0x0000000008001f80       0x26 ./Drivers/STM32WLxx_HAL_Driver/stm32wlxx_hal_rcc.o
 .text.LL_RCC_SetAPB2Prescaler
                0x0000000008001fa6       0x26 ./Drivers/STM32WLxx_HAL_Driver/stm32wlxx_hal_rcc.o
 .text.LL_RCC_GetAHBPrescaler
                0x0000000008001fcc       0x16 ./Drivers/STM32WLxx_HAL_Driver/stm32wlxx_hal_rcc.o
 .text.LL_RCC_GetAHB3Prescaler
                0x0000000008001fe2       0x1a ./Drivers/STM32WLxx_HAL_Driver/stm32wlxx_hal_rcc.o
 .text.LL_RCC_GetAPB1Prescaler
                0x0000000008001ffc       0x16 ./Drivers/STM32WLxx_HAL_Driver/stm32wlxx_hal_rcc.o
 .text.LL_RCC_GetAPB2Prescaler
                0x0000000008002012       0x16 ./Drivers/STM32WLxx_HAL_Driver/stm32wlxx_hal_rcc.o
 .text.LL_RCC_PLL_Enable
                0x0000000008002028       0x1c ./Drivers/STM32WLxx_HAL_Driver/stm32wlxx_hal_rcc.o
 .text.LL_RCC_PLL_Disable
                0x0000000008002044       0x1c ./Drivers/STM32WLxx_HAL_Driver/stm32wlxx_hal_rcc.o
 .text.LL_RCC_PLL_IsReady
                0x0000000008002060       0x22 ./Drivers/STM32WLxx_HAL_Driver/stm32wlxx_hal_rcc.o
 .text.LL_RCC_PLL_GetN
                0x0000000008002082       0x18 ./Drivers/STM32WLxx_HAL_Driver/stm32wlxx_hal_rcc.o
 .text.LL_RCC_PLL_GetR
                0x000000000800209a       0x16 ./Drivers/STM32WLxx_HAL_Driver/stm32wlxx_hal_rcc.o
 .text.LL_RCC_PLL_GetDivider
                0x00000000080020b0       0x16 ./Drivers/STM32WLxx_HAL_Driver/stm32wlxx_hal_rcc.o
 .text.LL_RCC_PLL_GetMainSource
                0x00000000080020c6       0x16 ./Drivers/STM32WLxx_HAL_Driver/stm32wlxx_hal_rcc.o
 .text.LL_RCC_IsActiveFlag_HPRE
                0x00000000080020dc       0x22 ./Drivers/STM32WLxx_HAL_Driver/stm32wlxx_hal_rcc.o
 .text.LL_RCC_IsActiveFlag_C2HPRE
                0x00000000080020fe       0x24 ./Drivers/STM32WLxx_HAL_Driver/stm32wlxx_hal_rcc.o
 .text.LL_RCC_IsActiveFlag_SHDHPRE
                0x0000000008002122       0x24 ./Drivers/STM32WLxx_HAL_Driver/stm32wlxx_hal_rcc.o
 .text.LL_RCC_IsActiveFlag_PPRE1
                0x0000000008002146       0x22 ./Drivers/STM32WLxx_HAL_Driver/stm32wlxx_hal_rcc.o
 .text.LL_RCC_IsActiveFlag_PPRE2
                0x0000000008002168       0x22 ./Drivers/STM32WLxx_HAL_Driver/stm32wlxx_hal_rcc.o
 *fill*         0x000000000800218a        0x2 
 .text.HAL_RCC_OscConfig
                0x000000000800218c      0x738 ./Drivers/STM32WLxx_HAL_Driver/stm32wlxx_hal_rcc.o
                0x000000000800218c                HAL_RCC_OscConfig
 .text.HAL_RCC_ClockConfig
                0x00000000080028c4      0x284 ./Drivers/STM32WLxx_HAL_Driver/stm32wlxx_hal_rcc.o
                0x00000000080028c4                HAL_RCC_ClockConfig
 .text.HAL_RCC_GetSysClockFreq
                0x0000000008002b48      0x140 ./Drivers/STM32WLxx_HAL_Driver/stm32wlxx_hal_rcc.o
                0x0000000008002b48                HAL_RCC_GetSysClockFreq
 .text.HAL_RCC_GetHCLKFreq
                0x0000000008002c88       0x28 ./Drivers/STM32WLxx_HAL_Driver/stm32wlxx_hal_rcc.o
                0x0000000008002c88                HAL_RCC_GetHCLKFreq
 .text.HAL_RCC_GetPCLK1Freq
                0x0000000008002cb0       0x24 ./Drivers/STM32WLxx_HAL_Driver/stm32wlxx_hal_rcc.o
                0x0000000008002cb0                HAL_RCC_GetPCLK1Freq
 .text.HAL_RCC_GetPCLK2Freq
                0x0000000008002cd4       0x24 ./Drivers/STM32WLxx_HAL_Driver/stm32wlxx_hal_rcc.o
                0x0000000008002cd4                HAL_RCC_GetPCLK2Freq
 .text.RCC_SetFlashLatencyFromMSIRange
                0x0000000008002cf8       0x60 ./Drivers/STM32WLxx_HAL_Driver/stm32wlxx_hal_rcc.o
 .text.RCC_SetFlashLatency
                0x0000000008002d58      0x104 ./Drivers/STM32WLxx_HAL_Driver/stm32wlxx_hal_rcc.o
 .text.LL_RCC_LSE_IsReady
                0x0000000008002e5c       0x22 ./Drivers/STM32WLxx_HAL_Driver/stm32wlxx_hal_rcc_ex.o
 .text.LL_RCC_SetUSARTClockSource
                0x0000000008002e7e       0x30 ./Drivers/STM32WLxx_HAL_Driver/stm32wlxx_hal_rcc_ex.o
 .text.LL_RCC_SetI2SClockSource
                0x0000000008002eae       0x2a ./Drivers/STM32WLxx_HAL_Driver/stm32wlxx_hal_rcc_ex.o
 .text.LL_RCC_SetLPUARTClockSource
                0x0000000008002ed8       0x2a ./Drivers/STM32WLxx_HAL_Driver/stm32wlxx_hal_rcc_ex.o
 .text.LL_RCC_SetI2CClockSource
                0x0000000008002f02       0x38 ./Drivers/STM32WLxx_HAL_Driver/stm32wlxx_hal_rcc_ex.o
 .text.LL_RCC_SetLPTIMClockSource
                0x0000000008002f3a       0x32 ./Drivers/STM32WLxx_HAL_Driver/stm32wlxx_hal_rcc_ex.o
 .text.LL_RCC_SetRNGClockSource
                0x0000000008002f6c       0x2a ./Drivers/STM32WLxx_HAL_Driver/stm32wlxx_hal_rcc_ex.o
 .text.LL_RCC_SetADCClockSource
                0x0000000008002f96       0x2a ./Drivers/STM32WLxx_HAL_Driver/stm32wlxx_hal_rcc_ex.o
 .text.LL_RCC_SetRTCClockSource
                0x0000000008002fc0       0x2a ./Drivers/STM32WLxx_HAL_Driver/stm32wlxx_hal_rcc_ex.o
 .text.LL_RCC_GetRTCClockSource
                0x0000000008002fea       0x18 ./Drivers/STM32WLxx_HAL_Driver/stm32wlxx_hal_rcc_ex.o
 .text.LL_RCC_ForceBackupDomainReset
                0x0000000008003002       0x20 ./Drivers/STM32WLxx_HAL_Driver/stm32wlxx_hal_rcc_ex.o
 .text.LL_RCC_ReleaseBackupDomainReset
                0x0000000008003022       0x20 ./Drivers/STM32WLxx_HAL_Driver/stm32wlxx_hal_rcc_ex.o
 *fill*         0x0000000008003042        0x2 
 .text.HAL_RCCEx_PeriphCLKConfig
                0x0000000008003044      0x234 ./Drivers/STM32WLxx_HAL_Driver/stm32wlxx_hal_rcc_ex.o
                0x0000000008003044                HAL_RCCEx_PeriphCLKConfig
 .text.LL_RCC_GetUSARTClockSource
                0x0000000008003278       0x24 ./Drivers/STM32WLxx_HAL_Driver/stm32wlxx_hal_uart.o
 .text.LL_RCC_GetLPUARTClockSource
                0x000000000800329c       0x1e ./Drivers/STM32WLxx_HAL_Driver/stm32wlxx_hal_uart.o
 .text.HAL_UART_Init
                0x00000000080032ba       0xa0 ./Drivers/STM32WLxx_HAL_Driver/stm32wlxx_hal_uart.o
                0x00000000080032ba                HAL_UART_Init
 *fill*         0x000000000800335a        0x2 
 .text.UART_SetConfig
                0x000000000800335c      0x4e8 ./Drivers/STM32WLxx_HAL_Driver/stm32wlxx_hal_uart.o
                0x000000000800335c                UART_SetConfig
 .text.UART_AdvFeatureConfig
                0x0000000008003844      0x142 ./Drivers/STM32WLxx_HAL_Driver/stm32wlxx_hal_uart.o
                0x0000000008003844                UART_AdvFeatureConfig
 .text.UART_CheckIdleState
                0x0000000008003986       0x96 ./Drivers/STM32WLxx_HAL_Driver/stm32wlxx_hal_uart.o
                0x0000000008003986                UART_CheckIdleState
 .text.UART_WaitOnFlagUntilTimeout
                0x0000000008003a1c      0x190 ./Drivers/STM32WLxx_HAL_Driver/stm32wlxx_hal_uart.o
                0x0000000008003a1c                UART_WaitOnFlagUntilTimeout
 .text.HAL_UARTEx_DisableFifoMode
                0x0000000008003bac       0x70 ./Drivers/STM32WLxx_HAL_Driver/stm32wlxx_hal_uart_ex.o
                0x0000000008003bac                HAL_UARTEx_DisableFifoMode
 .text.HAL_UARTEx_SetTxFifoThreshold
                0x0000000008003c1c       0x7c ./Drivers/STM32WLxx_HAL_Driver/stm32wlxx_hal_uart_ex.o
                0x0000000008003c1c                HAL_UARTEx_SetTxFifoThreshold
 .text.HAL_UARTEx_SetRxFifoThreshold
                0x0000000008003c98       0x7c ./Drivers/STM32WLxx_HAL_Driver/stm32wlxx_hal_uart_ex.o
                0x0000000008003c98                HAL_UARTEx_SetRxFifoThreshold
 .text.UARTEx_SetNbDataToProcess
                0x0000000008003d14       0x98 ./Drivers/STM32WLxx_HAL_Driver/stm32wlxx_hal_uart_ex.o
 .text.__libc_init_array
                0x0000000008003dac       0x48 c:/st/stm32cubeide_1.10.1/stm32cubeide/plugins/com.st.stm32cube.ide.mcu.externaltools.gnu-tools-for-stm32.10.3-2021.10.win32_1.0.0.202111181127/tools/bin/../lib/gcc/arm-none-eabi/10.3.1/../../../../arm-none-eabi/lib/thumb/v7e-m/nofp\libc_nano.a(lib_a-init.o)
                0x0000000008003dac                __libc_init_array
 .text.memset   0x0000000008003df4       0x10 c:/st/stm32cubeide_1.10.1/stm32cubeide/plugins/com.st.stm32cube.ide.mcu.externaltools.gnu-tools-for-stm32.10.3-2021.10.win32_1.0.0.202111181127/tools/bin/../lib/gcc/arm-none-eabi/10.3.1/../../../../arm-none-eabi/lib/thumb/v7e-m/nofp\libc_nano.a(lib_a-memset.o)
                0x0000000008003df4                memset
 *(.glue_7)
 .glue_7        0x0000000008003e04        0x0 linker stubs
 *(.glue_7t)
 .glue_7t       0x0000000008003e04        0x0 linker stubs
 *(.eh_frame)
 .eh_frame      0x0000000008003e04        0x0 c:/st/stm32cubeide_1.10.1/stm32cubeide/plugins/com.st.stm32cube.ide.mcu.externaltools.gnu-tools-for-stm32.10.3-2021.10.win32_1.0.0.202111181127/tools/bin/../lib/gcc/arm-none-eabi/10.3.1/thumb/v7e-m/nofp/crtbegin.o
 *(.init)
 .init          0x0000000008003e04        0x4 c:/st/stm32cubeide_1.10.1/stm32cubeide/plugins/com.st.stm32cube.ide.mcu.externaltools.gnu-tools-for-stm32.10.3-2021.10.win32_1.0.0.202111181127/tools/bin/../lib/gcc/arm-none-eabi/10.3.1/thumb/v7e-m/nofp/crti.o
                0x0000000008003e04                _init
 .init          0x0000000008003e08        0x8 c:/st/stm32cubeide_1.10.1/stm32cubeide/plugins/com.st.stm32cube.ide.mcu.externaltools.gnu-tools-for-stm32.10.3-2021.10.win32_1.0.0.202111181127/tools/bin/../lib/gcc/arm-none-eabi/10.3.1/thumb/v7e-m/nofp/crtn.o
 *(.fini)
 .fini          0x0000000008003e10        0x4 c:/st/stm32cubeide_1.10.1/stm32cubeide/plugins/com.st.stm32cube.ide.mcu.externaltools.gnu-tools-for-stm32.10.3-2021.10.win32_1.0.0.202111181127/tools/bin/../lib/gcc/arm-none-eabi/10.3.1/thumb/v7e-m/nofp/crti.o
                0x0000000008003e10                _fini
 .fini          0x0000000008003e14        0x8 c:/st/stm32cubeide_1.10.1/stm32cubeide/plugins/com.st.stm32cube.ide.mcu.externaltools.gnu-tools-for-stm32.10.3-2021.10.win32_1.0.0.202111181127/tools/bin/../lib/gcc/arm-none-eabi/10.3.1/thumb/v7e-m/nofp/crtn.o
                0x0000000008003e1c                . = ALIGN (0x4)
                0x0000000008003e1c                _etext = .

.vfp11_veneer   0x0000000008003e1c        0x0
 .vfp11_veneer  0x0000000008003e1c        0x0 linker stubs

.v4_bx          0x0000000008003e1c        0x0
 .v4_bx         0x0000000008003e1c        0x0 linker stubs

.iplt           0x0000000008003e1c        0x0
 .iplt          0x0000000008003e1c        0x0 c:/st/stm32cubeide_1.10.1/stm32cubeide/plugins/com.st.stm32cube.ide.mcu.externaltools.gnu-tools-for-stm32.10.3-2021.10.win32_1.0.0.202111181127/tools/bin/../lib/gcc/arm-none-eabi/10.3.1/thumb/v7e-m/nofp/crtbegin.o

.rodata         0x0000000008003e1c       0xf4
                0x0000000008003e1c                . = ALIGN (0x4)
 *(.rodata)
 .rodata        0x0000000008003e1c       0x10 ./Core/Src/main.o
 .rodata        0x0000000008003e2c       0x1c ./Drivers/STM32WLxx_HAL_Driver/stm32wlxx_hal_rcc.o
 *(.rodata*)
 .rodata.AHBPrescTable
                0x0000000008003e48       0x40 ./Common/System/system_stm32wlxx.o
                0x0000000008003e48                AHBPrescTable
 .rodata.APBPrescTable
                0x0000000008003e88       0x20 ./Common/System/system_stm32wlxx.o
                0x0000000008003e88                APBPrescTable
 .rodata.MSIRangeTable
                0x0000000008003ea8       0x40 ./Common/System/system_stm32wlxx.o
                0x0000000008003ea8                MSIRangeTable
 .rodata.UARTPrescTable
                0x0000000008003ee8       0x18 ./Drivers/STM32WLxx_HAL_Driver/stm32wlxx_hal_uart.o
                0x0000000008003ee8                UARTPrescTable
 .rodata.numerator.1
                0x0000000008003f00        0x8 ./Drivers/STM32WLxx_HAL_Driver/stm32wlxx_hal_uart_ex.o
 .rodata.denominator.0
                0x0000000008003f08        0x8 ./Drivers/STM32WLxx_HAL_Driver/stm32wlxx_hal_uart_ex.o
                0x0000000008003f10                . = ALIGN (0x4)

.ARM.extab      0x0000000008003f10        0x0
                0x0000000008003f10                . = ALIGN (0x4)
 *(.ARM.extab* .gnu.linkonce.armextab.*)
                0x0000000008003f10                . = ALIGN (0x4)

.ARM            0x0000000008003f10        0x8
                0x0000000008003f10                . = ALIGN (0x4)
                0x0000000008003f10                __exidx_start = .
 *(.ARM.exidx*)
 .ARM.exidx     0x0000000008003f10        0x8 c:/st/stm32cubeide_1.10.1/stm32cubeide/plugins/com.st.stm32cube.ide.mcu.externaltools.gnu-tools-for-stm32.10.3-2021.10.win32_1.0.0.202111181127/tools/bin/../lib/gcc/arm-none-eabi/10.3.1/thumb/v7e-m/nofp\libgcc.a(_udivmoddi4.o)
                0x0000000008003f18                __exidx_end = .
                0x0000000008003f18                . = ALIGN (0x4)

.rel.dyn        0x0000000008003f18        0x0
 .rel.iplt      0x0000000008003f18        0x0 c:/st/stm32cubeide_1.10.1/stm32cubeide/plugins/com.st.stm32cube.ide.mcu.externaltools.gnu-tools-for-stm32.10.3-2021.10.win32_1.0.0.202111181127/tools/bin/../lib/gcc/arm-none-eabi/10.3.1/thumb/v7e-m/nofp/crtbegin.o

.preinit_array  0x0000000008003f18        0x0
                0x0000000008003f18                . = ALIGN (0x4)
                0x0000000008003f18                PROVIDE (__preinit_array_start = .)
 *(.preinit_array*)
                0x0000000008003f18                PROVIDE (__preinit_array_end = .)
                0x0000000008003f18                . = ALIGN (0x4)

.init_array     0x0000000008003f18        0x4
                0x0000000008003f18                . = ALIGN (0x4)
                0x0000000008003f18                PROVIDE (__init_array_start = .)
 *(SORT_BY_NAME(.init_array.*))
 *(.init_array*)
 .init_array    0x0000000008003f18        0x4 c:/st/stm32cubeide_1.10.1/stm32cubeide/plugins/com.st.stm32cube.ide.mcu.externaltools.gnu-tools-for-stm32.10.3-2021.10.win32_1.0.0.202111181127/tools/bin/../lib/gcc/arm-none-eabi/10.3.1/thumb/v7e-m/nofp/crtbegin.o
                0x0000000008003f1c                PROVIDE (__init_array_end = .)
                0x0000000008003f1c                . = ALIGN (0x4)

.fini_array     0x0000000008003f1c        0x4
                0x0000000008003f1c                . = ALIGN (0x4)
                [!provide]                        PROVIDE (__fini_array_start = .)
 *(SORT_BY_NAME(.fini_array.*))
 *(.fini_array*)
 .fini_array    0x0000000008003f1c        0x4 c:/st/stm32cubeide_1.10.1/stm32cubeide/plugins/com.st.stm32cube.ide.mcu.externaltools.gnu-tools-for-stm32.10.3-2021.10.win32_1.0.0.202111181127/tools/bin/../lib/gcc/arm-none-eabi/10.3.1/thumb/v7e-m/nofp/crtbegin.o
                [!provide]                        PROVIDE (__fini_array_end = .)
                0x0000000008003f20                . = ALIGN (0x4)
                0x0000000008003f20                _sidata = LOADADDR (.data)

.data           0x0000000020000000        0xc load address 0x0000000008003f20
                0x0000000020000000                . = ALIGN (0x4)
                0x0000000020000000                _sdata = .
 *(.data)
 *(.data*)
 .data.SystemCoreClock
                0x0000000020000000        0x4 ./Common/System/system_stm32wlxx.o
                0x0000000020000000                SystemCoreClock
 .data.uwTickPrio
                0x0000000020000004        0x4 ./Drivers/STM32WLxx_HAL_Driver/stm32wlxx_hal.o
                0x0000000020000004                uwTickPrio
 .data.uwTickFreq
                0x0000000020000008        0x1 ./Drivers/STM32WLxx_HAL_Driver/stm32wlxx_hal.o
                0x0000000020000008                uwTickFreq
 *(.RamFunc)
 *(.RamFunc*)
                0x000000002000000c                . = ALIGN (0x4)
 *fill*         0x0000000020000009        0x3 
                0x000000002000000c                _edata = .

.igot.plt       0x000000002000000c        0x0 load address 0x0000000008003f2c
 .igot.plt      0x000000002000000c        0x0 c:/st/stm32cubeide_1.10.1/stm32cubeide/plugins/com.st.stm32cube.ide.mcu.externaltools.gnu-tools-for-stm32.10.3-2021.10.win32_1.0.0.202111181127/tools/bin/../lib/gcc/arm-none-eabi/10.3.1/thumb/v7e-m/nofp/crtbegin.o
                0x000000002000000c                . = ALIGN (0x4)

.bss            0x000000002000000c       0xfc load address 0x0000000008003f2c
                0x000000002000000c                _sbss = .
                0x000000002000000c                __bss_start__ = _sbss
 *(.bss)
 .bss           0x000000002000000c       0x1c c:/st/stm32cubeide_1.10.1/stm32cubeide/plugins/com.st.stm32cube.ide.mcu.externaltools.gnu-tools-for-stm32.10.3-2021.10.win32_1.0.0.202111181127/tools/bin/../lib/gcc/arm-none-eabi/10.3.1/thumb/v7e-m/nofp/crtbegin.o
 *(.bss*)
 .bss.hi2c1     0x0000000020000028       0x4c ./Core/Src/i2c.o
                0x0000000020000028                hi2c1
 .bss.huart2    0x0000000020000074       0x90 ./Core/Src/usart.o
                0x0000000020000074                huart2
 .bss.uwTick    0x0000000020000104        0x4 ./Drivers/STM32WLxx_HAL_Driver/stm32wlxx_hal.o
                0x0000000020000104                uwTick
 *(COMMON)
                0x0000000020000108                . = ALIGN (0x4)
                0x0000000020000108                _ebss = .
                0x0000000020000108                __bss_end__ = _ebss

._user_heap_stack
                0x0000000020000108      0x600 load address 0x0000000008003f2c
                0x0000000020000108                . = ALIGN (0x8)
                [!provide]                        PROVIDE (end = .)
                0x0000000020000108                PROVIDE (_end = .)
                0x0000000020000308                . = (. + _Min_Heap_Size)
 *fill*         0x0000000020000108      0x200 
                0x0000000020000708                . = (. + _Min_Stack_Size)
 *fill*         0x0000000020000308      0x400 
                0x0000000020000708                . = ALIGN (0x8)

/DISCARD/
 libc.a(*)
 libm.a(*)
 libgcc.a(*)

.ARM.attributes
                0x0000000000000000       0x2a
 *(.ARM.attributes)
 .ARM.attributes
                0x0000000000000000       0x1e c:/st/stm32cubeide_1.10.1/stm32cubeide/plugins/com.st.stm32cube.ide.mcu.externaltools.gnu-tools-for-stm32.10.3-2021.10.win32_1.0.0.202111181127/tools/bin/../lib/gcc/arm-none-eabi/10.3.1/thumb/v7e-m/nofp/crti.o
 .ARM.attributes
                0x000000000000001e       0x2e c:/st/stm32cubeide_1.10.1/stm32cubeide/plugins/com.st.stm32cube.ide.mcu.externaltools.gnu-tools-for-stm32.10.3-2021.10.win32_1.0.0.202111181127/tools/bin/../lib/gcc/arm-none-eabi/10.3.1/thumb/v7e-m/nofp/crtbegin.o
 .ARM.attributes
                0x000000000000004c       0x2e ./Common/System/system_stm32wlxx.o
 .ARM.attributes
                0x000000000000007a       0x2e ./Core/Src/gpio.o
 .ARM.attributes
                0x00000000000000a8       0x2e ./Core/Src/i2c.o
 .ARM.attributes
                0x00000000000000d6       0x2e ./Core/Src/main.o
 .ARM.attributes
                0x0000000000000104       0x2e ./Core/Src/stm32wlxx_hal_msp.o
 .ARM.attributes
                0x0000000000000132       0x2e ./Core/Src/stm32wlxx_it.o
 .ARM.attributes
                0x0000000000000160       0x2e ./Core/Src/usart.o
 .ARM.attributes
                0x000000000000018e       0x21 ./Core/Startup/startup_stm32wl55jcix.o
 .ARM.attributes
                0x00000000000001af       0x2e ./Drivers/STM32WLxx_HAL_Driver/stm32wlxx_hal.o
 .ARM.attributes
                0x00000000000001dd       0x2e ./Drivers/STM32WLxx_HAL_Driver/stm32wlxx_hal_cortex.o
 .ARM.attributes
                0x000000000000020b       0x2e ./Drivers/STM32WLxx_HAL_Driver/stm32wlxx_hal_gpio.o
 .ARM.attributes
                0x0000000000000239       0x2e ./Drivers/STM32WLxx_HAL_Driver/stm32wlxx_hal_i2c.o
 .ARM.attributes
                0x0000000000000267       0x2e ./Drivers/STM32WLxx_HAL_Driver/stm32wlxx_hal_i2c_ex.o
 .ARM.attributes
                0x0000000000000295       0x2e ./Drivers/STM32WLxx_HAL_Driver/stm32wlxx_hal_pwr.o
 .ARM.attributes
                0x00000000000002c3       0x2e ./Drivers/STM32WLxx_HAL_Driver/stm32wlxx_hal_pwr_ex.o
 .ARM.attributes
                0x00000000000002f1       0x2e ./Drivers/STM32WLxx_HAL_Driver/stm32wlxx_hal_rcc.o
 .ARM.attributes
                0x000000000000031f       0x2e ./Drivers/STM32WLxx_HAL_Driver/stm32wlxx_hal_rcc_ex.o
 .ARM.attributes
                0x000000000000034d       0x2e ./Drivers/STM32WLxx_HAL_Driver/stm32wlxx_hal_uart.o
 .ARM.attributes
                0x000000000000037b       0x2e ./Drivers/STM32WLxx_HAL_Driver/stm32wlxx_hal_uart_ex.o
 .ARM.attributes
                0x00000000000003a9       0x2e c:/st/stm32cubeide_1.10.1/stm32cubeide/plugins/com.st.stm32cube.ide.mcu.externaltools.gnu-tools-for-stm32.10.3-2021.10.win32_1.0.0.202111181127/tools/bin/../lib/gcc/arm-none-eabi/10.3.1/../../../../arm-none-eabi/lib/thumb/v7e-m/nofp\libc_nano.a(lib_a-init.o)
 .ARM.attributes
                0x00000000000003d7       0x2e c:/st/stm32cubeide_1.10.1/stm32cubeide/plugins/com.st.stm32cube.ide.mcu.externaltools.gnu-tools-for-stm32.10.3-2021.10.win32_1.0.0.202111181127/tools/bin/../lib/gcc/arm-none-eabi/10.3.1/../../../../arm-none-eabi/lib/thumb/v7e-m/nofp\libc_nano.a(lib_a-memset.o)
 .ARM.attributes
                0x0000000000000405       0x1e c:/st/stm32cubeide_1.10.1/stm32cubeide/plugins/com.st.stm32cube.ide.mcu.externaltools.gnu-tools-for-stm32.10.3-2021.10.win32_1.0.0.202111181127/tools/bin/../lib/gcc/arm-none-eabi/10.3.1/thumb/v7e-m/nofp\libgcc.a(_aeabi_uldivmod.o)
 .ARM.attributes
                0x0000000000000423       0x2e c:/st/stm32cubeide_1.10.1/stm32cubeide/plugins/com.st.stm32cube.ide.mcu.externaltools.gnu-tools-for-stm32.10.3-2021.10.win32_1.0.0.202111181127/tools/bin/../lib/gcc/arm-none-eabi/10.3.1/thumb/v7e-m/nofp\libgcc.a(_udivmoddi4.o)
 .ARM.attributes
                0x0000000000000451       0x1e c:/st/stm32cubeide_1.10.1/stm32cubeide/plugins/com.st.stm32cube.ide.mcu.externaltools.gnu-tools-for-stm32.10.3-2021.10.win32_1.0.0.202111181127/tools/bin/../lib/gcc/arm-none-eabi/10.3.1/thumb/v7e-m/nofp\libgcc.a(_dvmd_tls.o)
 .ARM.attributes
                0x000000000000046f       0x1e c:/st/stm32cubeide_1.10.1/stm32cubeide/plugins/com.st.stm32cube.ide.mcu.externaltools.gnu-tools-for-stm32.10.3-2021.10.win32_1.0.0.202111181127/tools/bin/../lib/gcc/arm-none-eabi/10.3.1/thumb/v7e-m/nofp/crtn.o
OUTPUT(LCD_I2C_CM4.elf elf32-littlearm)
LOAD linker stubs
LOAD c:/st/stm32cubeide_1.10.1/stm32cubeide/plugins/com.st.stm32cube.ide.mcu.externaltools.gnu-tools-for-stm32.10.3-2021.10.win32_1.0.0.202111181127/tools/bin/../lib/gcc/arm-none-eabi/10.3.1/../../../../arm-none-eabi/lib/thumb/v7e-m/nofp\libc.a
LOAD c:/st/stm32cubeide_1.10.1/stm32cubeide/plugins/com.st.stm32cube.ide.mcu.externaltools.gnu-tools-for-stm32.10.3-2021.10.win32_1.0.0.202111181127/tools/bin/../lib/gcc/arm-none-eabi/10.3.1/../../../../arm-none-eabi/lib/thumb/v7e-m/nofp\libm.a
LOAD c:/st/stm32cubeide_1.10.1/stm32cubeide/plugins/com.st.stm32cube.ide.mcu.externaltools.gnu-tools-for-stm32.10.3-2021.10.win32_1.0.0.202111181127/tools/bin/../lib/gcc/arm-none-eabi/10.3.1/thumb/v7e-m/nofp\libgcc.a

.debug_info     0x0000000000000000    0x12484
 .debug_info    0x0000000000000000      0x566 ./Common/System/system_stm32wlxx.o
 .debug_info    0x0000000000000566      0x62f ./Core/Src/gpio.o
 .debug_info    0x0000000000000b95     0x10c3 ./Core/Src/i2c.o
 .debug_info    0x0000000000001c58      0x920 ./Core/Src/main.o
 .debug_info    0x0000000000002578       0xcd ./Core/Src/stm32wlxx_hal_msp.o
 .debug_info    0x0000000000002645      0x166 ./Core/Src/stm32wlxx_it.o
 .debug_info    0x00000000000027ab      0xf2b ./Core/Src/usart.o
 .debug_info    0x00000000000036d6       0x22 ./Core/Startup/startup_stm32wl55jcix.o
 .debug_info    0x00000000000036f8     0x1209 ./Drivers/STM32WLxx_HAL_Driver/stm32wlxx_hal.o
 .debug_info    0x0000000000004901      0xdc3 ./Drivers/STM32WLxx_HAL_Driver/stm32wlxx_hal_cortex.o
 .debug_info    0x00000000000056c4      0x79c ./Drivers/STM32WLxx_HAL_Driver/stm32wlxx_hal_gpio.o
 .debug_info    0x0000000000005e60     0x2316 ./Drivers/STM32WLxx_HAL_Driver/stm32wlxx_hal_i2c.o
 .debug_info    0x0000000000008176      0x99b ./Drivers/STM32WLxx_HAL_Driver/stm32wlxx_hal_i2c_ex.o
 .debug_info    0x0000000000008b11      0x912 ./Drivers/STM32WLxx_HAL_Driver/stm32wlxx_hal_pwr.o
 .debug_info    0x0000000000009423      0xe53 ./Drivers/STM32WLxx_HAL_Driver/stm32wlxx_hal_pwr_ex.o
 .debug_info    0x000000000000a276     0x14c4 ./Drivers/STM32WLxx_HAL_Driver/stm32wlxx_hal_rcc.o
 .debug_info    0x000000000000b73a     0x1217 ./Drivers/STM32WLxx_HAL_Driver/stm32wlxx_hal_rcc_ex.o
 .debug_info    0x000000000000c951     0x4adb ./Drivers/STM32WLxx_HAL_Driver/stm32wlxx_hal_uart.o
 .debug_info    0x000000000001142c     0x1058 ./Drivers/STM32WLxx_HAL_Driver/stm32wlxx_hal_uart_ex.o

.debug_abbrev   0x0000000000000000     0x2816
 .debug_abbrev  0x0000000000000000      0x138 ./Common/System/system_stm32wlxx.o
 .debug_abbrev  0x0000000000000138      0x195 ./Core/Src/gpio.o
 .debug_abbrev  0x00000000000002cd      0x28b ./Core/Src/i2c.o
 .debug_abbrev  0x0000000000000558      0x23f ./Core/Src/main.o
 .debug_abbrev  0x0000000000000797       0x80 ./Core/Src/stm32wlxx_hal_msp.o
 .debug_abbrev  0x0000000000000817       0xad ./Core/Src/stm32wlxx_it.o
 .debug_abbrev  0x00000000000008c4      0x25e ./Core/Src/usart.o
 .debug_abbrev  0x0000000000000b22       0x12 ./Core/Startup/startup_stm32wl55jcix.o
 .debug_abbrev  0x0000000000000b34      0x334 ./Drivers/STM32WLxx_HAL_Driver/stm32wlxx_hal.o
 .debug_abbrev  0x0000000000000e68      0x2d5 ./Drivers/STM32WLxx_HAL_Driver/stm32wlxx_hal_cortex.o
 .debug_abbrev  0x000000000000113d      0x1d9 ./Drivers/STM32WLxx_HAL_Driver/stm32wlxx_hal_gpio.o
 .debug_abbrev  0x0000000000001316      0x26d ./Drivers/STM32WLxx_HAL_Driver/stm32wlxx_hal_i2c.o
 .debug_abbrev  0x0000000000001583      0x1bd ./Drivers/STM32WLxx_HAL_Driver/stm32wlxx_hal_i2c_ex.o
 .debug_abbrev  0x0000000000001740      0x203 ./Drivers/STM32WLxx_HAL_Driver/stm32wlxx_hal_pwr.o
 .debug_abbrev  0x0000000000001943      0x2fa ./Drivers/STM32WLxx_HAL_Driver/stm32wlxx_hal_pwr_ex.o
 .debug_abbrev  0x0000000000001c3d      0x308 ./Drivers/STM32WLxx_HAL_Driver/stm32wlxx_hal_rcc.o
 .debug_abbrev  0x0000000000001f45      0x2d7 ./Drivers/STM32WLxx_HAL_Driver/stm32wlxx_hal_rcc_ex.o
 .debug_abbrev  0x000000000000221c      0x33d ./Drivers/STM32WLxx_HAL_Driver/stm32wlxx_hal_uart.o
 .debug_abbrev  0x0000000000002559      0x2bd ./Drivers/STM32WLxx_HAL_Driver/stm32wlxx_hal_uart_ex.o

.debug_aranges  0x0000000000000000     0x1298
 .debug_aranges
                0x0000000000000000       0x28 ./Common/System/system_stm32wlxx.o
 .debug_aranges
                0x0000000000000028       0x28 ./Core/Src/gpio.o
 .debug_aranges
                0x0000000000000050       0x88 ./Core/Src/i2c.o
 .debug_aranges
                0x00000000000000d8       0x38 ./Core/Src/main.o
 .debug_aranges
                0x0000000000000110       0x20 ./Core/Src/stm32wlxx_hal_msp.o
 .debug_aranges
                0x0000000000000130       0x60 ./Core/Src/stm32wlxx_it.o
 .debug_aranges
                0x0000000000000190       0x48 ./Core/Src/usart.o
 .debug_aranges
                0x00000000000001d8       0x28 ./Core/Startup/startup_stm32wl55jcix.o
 .debug_aranges
                0x0000000000000200      0x240 ./Drivers/STM32WLxx_HAL_Driver/stm32wlxx_hal.o
 .debug_aranges
                0x0000000000000440      0x118 ./Drivers/STM32WLxx_HAL_Driver/stm32wlxx_hal_cortex.o
 .debug_aranges
                0x0000000000000558       0x60 ./Drivers/STM32WLxx_HAL_Driver/stm32wlxx_hal_gpio.o
 .debug_aranges
                0x00000000000005b8      0x290 ./Drivers/STM32WLxx_HAL_Driver/stm32wlxx_hal_i2c.o
 .debug_aranges
                0x0000000000000848       0x48 ./Drivers/STM32WLxx_HAL_Driver/stm32wlxx_hal_i2c_ex.o
 .debug_aranges
                0x0000000000000890       0xc8 ./Drivers/STM32WLxx_HAL_Driver/stm32wlxx_hal_pwr.o
 .debug_aranges
                0x0000000000000958      0x200 ./Drivers/STM32WLxx_HAL_Driver/stm32wlxx_hal_pwr_ex.o
 .debug_aranges
                0x0000000000000b58      0x250 ./Drivers/STM32WLxx_HAL_Driver/stm32wlxx_hal_rcc.o
 .debug_aranges
                0x0000000000000da8      0x1f8 ./Drivers/STM32WLxx_HAL_Driver/stm32wlxx_hal_rcc_ex.o
 .debug_aranges
                0x0000000000000fa0      0x258 ./Drivers/STM32WLxx_HAL_Driver/stm32wlxx_hal_uart.o
 .debug_aranges
                0x00000000000011f8       0xa0 ./Drivers/STM32WLxx_HAL_Driver/stm32wlxx_hal_uart_ex.o

.debug_ranges   0x0000000000000000     0x11a0
 .debug_ranges  0x0000000000000000       0x18 ./Common/System/system_stm32wlxx.o
 .debug_ranges  0x0000000000000018       0x18 ./Core/Src/gpio.o
 .debug_ranges  0x0000000000000030       0x78 ./Core/Src/i2c.o
 .debug_ranges  0x00000000000000a8       0x28 ./Core/Src/main.o
 .debug_ranges  0x00000000000000d0       0x10 ./Core/Src/stm32wlxx_hal_msp.o
 .debug_ranges  0x00000000000000e0       0x50 ./Core/Src/stm32wlxx_it.o
 .debug_ranges  0x0000000000000130       0x38 ./Core/Src/usart.o
 .debug_ranges  0x0000000000000168       0x20 ./Core/Startup/startup_stm32wl55jcix.o
 .debug_ranges  0x0000000000000188      0x230 ./Drivers/STM32WLxx_HAL_Driver/stm32wlxx_hal.o
 .debug_ranges  0x00000000000003b8      0x108 ./Drivers/STM32WLxx_HAL_Driver/stm32wlxx_hal_cortex.o
 .debug_ranges  0x00000000000004c0       0x50 ./Drivers/STM32WLxx_HAL_Driver/stm32wlxx_hal_gpio.o
 .debug_ranges  0x0000000000000510      0x280 ./Drivers/STM32WLxx_HAL_Driver/stm32wlxx_hal_i2c.o
 .debug_ranges  0x0000000000000790       0x38 ./Drivers/STM32WLxx_HAL_Driver/stm32wlxx_hal_i2c_ex.o
 .debug_ranges  0x00000000000007c8       0xb8 ./Drivers/STM32WLxx_HAL_Driver/stm32wlxx_hal_pwr.o
 .debug_ranges  0x0000000000000880      0x1f0 ./Drivers/STM32WLxx_HAL_Driver/stm32wlxx_hal_pwr_ex.o
 .debug_ranges  0x0000000000000a70      0x240 ./Drivers/STM32WLxx_HAL_Driver/stm32wlxx_hal_rcc.o
 .debug_ranges  0x0000000000000cb0      0x1e8 ./Drivers/STM32WLxx_HAL_Driver/stm32wlxx_hal_rcc_ex.o
 .debug_ranges  0x0000000000000e98      0x278 ./Drivers/STM32WLxx_HAL_Driver/stm32wlxx_hal_uart.o
 .debug_ranges  0x0000000000001110       0x90 ./Drivers/STM32WLxx_HAL_Driver/stm32wlxx_hal_uart_ex.o

.debug_macro    0x0000000000000000    0x1c165
 .debug_macro   0x0000000000000000      0x21e ./Common/System/system_stm32wlxx.o
 .debug_macro   0x000000000000021e      0xa72 ./Common/System/system_stm32wlxx.o
 .debug_macro   0x0000000000000c90       0x2e ./Common/System/system_stm32wlxx.o
 .debug_macro   0x0000000000000cbe       0x3a ./Common/System/system_stm32wlxx.o
 .debug_macro   0x0000000000000cf8       0x22 ./Common/System/system_stm32wlxx.o
 .debug_macro   0x0000000000000d1a       0x8e ./Common/System/system_stm32wlxx.o
 .debug_macro   0x0000000000000da8       0x51 ./Common/System/system_stm32wlxx.o
 .debug_macro   0x0000000000000df9      0x103 ./Common/System/system_stm32wlxx.o
 .debug_macro   0x0000000000000efc       0x6a ./Common/System/system_stm32wlxx.o
 .debug_macro   0x0000000000000f66      0x1df ./Common/System/system_stm32wlxx.o
 .debug_macro   0x0000000000001145       0x1c ./Common/System/system_stm32wlxx.o
 .debug_macro   0x0000000000001161       0x22 ./Common/System/system_stm32wlxx.o
 .debug_macro   0x0000000000001183       0xfb ./Common/System/system_stm32wlxx.o
 .debug_macro   0x000000000000127e     0x1011 ./Common/System/system_stm32wlxx.o
 .debug_macro   0x000000000000228f      0x11f ./Common/System/system_stm32wlxx.o
 .debug_macro   0x00000000000023ae     0xf0e3 ./Common/System/system_stm32wlxx.o
 .debug_macro   0x0000000000011491       0x6d ./Common/System/system_stm32wlxx.o
 .debug_macro   0x00000000000114fe      0x124 ./Common/System/system_stm32wlxx.o
 .debug_macro   0x0000000000011622     0x341d ./Common/System/system_stm32wlxx.o
 .debug_macro   0x0000000000014a3f      0x174 ./Common/System/system_stm32wlxx.o
 .debug_macro   0x0000000000014bb3       0x5c ./Common/System/system_stm32wlxx.o
 .debug_macro   0x0000000000014c0f      0x416 ./Common/System/system_stm32wlxx.o
 .debug_macro   0x0000000000015025      0x29c ./Common/System/system_stm32wlxx.o
 .debug_macro   0x00000000000152c1      0x35a ./Common/System/system_stm32wlxx.o
 .debug_macro   0x000000000001561b      0x196 ./Common/System/system_stm32wlxx.o
 .debug_macro   0x00000000000157b1       0x4a ./Common/System/system_stm32wlxx.o
 .debug_macro   0x00000000000157fb      0x23d ./Common/System/system_stm32wlxx.o
 .debug_macro   0x0000000000015a38      0x229 ./Common/System/system_stm32wlxx.o
 .debug_macro   0x0000000000015c61      0x3fa ./Common/System/system_stm32wlxx.o
 .debug_macro   0x000000000001605b       0x2e ./Common/System/system_stm32wlxx.o
 .debug_macro   0x0000000000016089      0x107 ./Common/System/system_stm32wlxx.o
 .debug_macro   0x0000000000016190      0x1ba ./Common/System/system_stm32wlxx.o
 .debug_macro   0x000000000001634a       0xe6 ./Common/System/system_stm32wlxx.o
 .debug_macro   0x0000000000016430      0x22c ./Common/System/system_stm32wlxx.o
 .debug_macro   0x000000000001665c       0x55 ./Common/System/system_stm32wlxx.o
 .debug_macro   0x00000000000166b1       0xa5 ./Common/System/system_stm32wlxx.o
 .debug_macro   0x0000000000016756      0x283 ./Common/System/system_stm32wlxx.o
 .debug_macro   0x00000000000169d9      0x133 ./Common/System/system_stm32wlxx.o
 .debug_macro   0x0000000000016b0c      0x36f ./Common/System/system_stm32wlxx.o
 .debug_macro   0x0000000000016e7b      0x683 ./Common/System/system_stm32wlxx.o
 .debug_macro   0x00000000000174fe      0x20e ./Common/System/system_stm32wlxx.o
 .debug_macro   0x000000000001770c      0xfb4 ./Common/System/system_stm32wlxx.o
 .debug_macro   0x00000000000186c0      0x136 ./Common/System/system_stm32wlxx.o
 .debug_macro   0x00000000000187f6      0x2db ./Common/System/system_stm32wlxx.o
 .debug_macro   0x0000000000018ad1      0x67e ./Common/System/system_stm32wlxx.o
 .debug_macro   0x000000000001914f       0xa6 ./Common/System/system_stm32wlxx.o
 .debug_macro   0x00000000000191f5      0x45a ./Common/System/system_stm32wlxx.o
 .debug_macro   0x000000000001964f      0x3a9 ./Common/System/system_stm32wlxx.o
 .debug_macro   0x00000000000199f8      0x237 ./Core/Src/gpio.o
 .debug_macro   0x0000000000019c2f       0x40 ./Core/Src/gpio.o
 .debug_macro   0x0000000000019c6f      0x23c ./Core/Src/i2c.o
 .debug_macro   0x0000000000019eab       0x76 ./Core/Src/i2c.o
 .debug_macro   0x0000000000019f21      0x254 ./Core/Src/main.o
 .debug_macro   0x000000000001a175      0x22d ./Core/Src/stm32wlxx_hal_msp.o
 .debug_macro   0x000000000001a3a2      0x237 ./Core/Src/stm32wlxx_it.o
 .debug_macro   0x000000000001a5d9      0x237 ./Core/Src/usart.o
 .debug_macro   0x000000000001a810      0x242 ./Drivers/STM32WLxx_HAL_Driver/stm32wlxx_hal.o
 .debug_macro   0x000000000001aa52      0x21e ./Drivers/STM32WLxx_HAL_Driver/stm32wlxx_hal_cortex.o
 .debug_macro   0x000000000001ac70      0x224 ./Drivers/STM32WLxx_HAL_Driver/stm32wlxx_hal_gpio.o
 .debug_macro   0x000000000001ae94      0x2ea ./Drivers/STM32WLxx_HAL_Driver/stm32wlxx_hal_i2c.o
 .debug_macro   0x000000000001b17e      0x21e ./Drivers/STM32WLxx_HAL_Driver/stm32wlxx_hal_i2c_ex.o
 .debug_macro   0x000000000001b39c      0x278 ./Drivers/STM32WLxx_HAL_Driver/stm32wlxx_hal_pwr.o
 .debug_macro   0x000000000001b614      0x230 ./Drivers/STM32WLxx_HAL_Driver/stm32wlxx_hal_pwr_ex.o
 .debug_macro   0x000000000001b844      0x27e ./Drivers/STM32WLxx_HAL_Driver/stm32wlxx_hal_rcc.o
 .debug_macro   0x000000000001bac2      0x230 ./Drivers/STM32WLxx_HAL_Driver/stm32wlxx_hal_rcc_ex.o
 .debug_macro   0x000000000001bcf2      0x249 ./Drivers/STM32WLxx_HAL_Driver/stm32wlxx_hal_uart.o
 .debug_macro   0x000000000001bf3b      0x22a ./Drivers/STM32WLxx_HAL_Driver/stm32wlxx_hal_uart_ex.o

.debug_line     0x0000000000000000    0x13022
 .debug_line    0x0000000000000000      0x82d ./Common/System/system_stm32wlxx.o
 .debug_line    0x000000000000082d      0x794 ./Core/Src/gpio.o
 .debug_line    0x0000000000000fc1      0x9d2 ./Core/Src/i2c.o
 .debug_line    0x0000000000001993      0x813 ./Core/Src/main.o
 .debug_line    0x00000000000021a6      0x75e ./Core/Src/stm32wlxx_hal_msp.o
 .debug_line    0x0000000000002904      0x825 ./Core/Src/stm32wlxx_it.o
 .debug_line    0x0000000000003129      0x861 ./Core/Src/usart.o
 .debug_line    0x000000000000398a       0x89 ./Core/Startup/startup_stm32wl55jcix.o
 .debug_line    0x0000000000003a13      0xf41 ./Drivers/STM32WLxx_HAL_Driver/stm32wlxx_hal.o
 .debug_line    0x0000000000004954      0xd28 ./Drivers/STM32WLxx_HAL_Driver/stm32wlxx_hal_cortex.o
 .debug_line    0x000000000000567c      0xb9d ./Drivers/STM32WLxx_HAL_Driver/stm32wlxx_hal_gpio.o
 .debug_line    0x0000000000006219     0x341c ./Drivers/STM32WLxx_HAL_Driver/stm32wlxx_hal_i2c.o
 .debug_line    0x0000000000009635      0x9b0 ./Drivers/STM32WLxx_HAL_Driver/stm32wlxx_hal_i2c_ex.o
 .debug_line    0x0000000000009fe5      0xa21 ./Drivers/STM32WLxx_HAL_Driver/stm32wlxx_hal_pwr.o
 .debug_line    0x000000000000aa06      0xeff ./Drivers/STM32WLxx_HAL_Driver/stm32wlxx_hal_pwr_ex.o
 .debug_line    0x000000000000b905     0x1832 ./Drivers/STM32WLxx_HAL_Driver/stm32wlxx_hal_rcc.o
 .debug_line    0x000000000000d137     0x1474 ./Drivers/STM32WLxx_HAL_Driver/stm32wlxx_hal_rcc_ex.o
 .debug_line    0x000000000000e5ab     0x3c51 ./Drivers/STM32WLxx_HAL_Driver/stm32wlxx_hal_uart.o
 .debug_line    0x00000000000121fc      0xe26 ./Drivers/STM32WLxx_HAL_Driver/stm32wlxx_hal_uart_ex.o

.debug_str      0x0000000000000000    0xaecc5
 .debug_str     0x0000000000000000    0xa8eb3 ./Common/System/system_stm32wlxx.o
                                      0xa95b0 (size before relaxing)
 .debug_str     0x00000000000a8eb3      0x1fe ./Core/Src/gpio.o
                                      0xa96e7 (size before relaxing)
 .debug_str     0x00000000000a90b1      0x9f2 ./Core/Src/i2c.o
                                      0xaa12a (size before relaxing)
 .debug_str     0x00000000000a9aa3      0x2af ./Core/Src/main.o
                                      0xa9ae4 (size before relaxing)
 .debug_str     0x00000000000a9d52       0x2c ./Core/Src/stm32wlxx_hal_msp.o
                                      0xa93cf (size before relaxing)
 .debug_str     0x00000000000a9d7e       0xc9 ./Core/Src/stm32wlxx_it.o
                                      0xa946c (size before relaxing)
 .debug_str     0x00000000000a9e47      0x2c3 ./Core/Src/usart.o
                                      0xa9e4d (size before relaxing)
 .debug_str     0x00000000000aa10a       0x36 ./Core/Startup/startup_stm32wl55jcix.o
                                         0x75 (size before relaxing)
 .debug_str     0x00000000000aa140      0xd25 ./Drivers/STM32WLxx_HAL_Driver/stm32wlxx_hal.o
                                      0xaa393 (size before relaxing)
 .debug_str     0x00000000000aae65      0x3ca ./Drivers/STM32WLxx_HAL_Driver/stm32wlxx_hal_cortex.o
                                      0xa9c91 (size before relaxing)
 .debug_str     0x00000000000ab22f      0x17e ./Drivers/STM32WLxx_HAL_Driver/stm32wlxx_hal_gpio.o
                                      0xa9604 (size before relaxing)
 .debug_str     0x00000000000ab3ad      0xec2 ./Drivers/STM32WLxx_HAL_Driver/stm32wlxx_hal_i2c.o
                                      0xaa7f7 (size before relaxing)
 .debug_str     0x00000000000ac26f       0xea ./Drivers/STM32WLxx_HAL_Driver/stm32wlxx_hal_i2c_ex.o
                                      0xa9a3c (size before relaxing)
 .debug_str     0x00000000000ac359      0x55f ./Drivers/STM32WLxx_HAL_Driver/stm32wlxx_hal_pwr.o
                                      0xa9a03 (size before relaxing)
 .debug_str     0x00000000000ac8b8      0x6d6 ./Drivers/STM32WLxx_HAL_Driver/stm32wlxx_hal_pwr_ex.o
                                      0xa9d63 (size before relaxing)
 .debug_str     0x00000000000acf8e      0xb17 ./Drivers/STM32WLxx_HAL_Driver/stm32wlxx_hal_rcc.o
                                      0xaa3a9 (size before relaxing)
 .debug_str     0x00000000000adaa5      0x589 ./Drivers/STM32WLxx_HAL_Driver/stm32wlxx_hal_rcc_ex.o
                                      0xa9fdd (size before relaxing)
 .debug_str     0x00000000000ae02e      0xa14 ./Drivers/STM32WLxx_HAL_Driver/stm32wlxx_hal_uart.o
                                      0xaa5c1 (size before relaxing)
 .debug_str     0x00000000000aea42      0x283 ./Drivers/STM32WLxx_HAL_Driver/stm32wlxx_hal_uart_ex.o
                                      0xa9ca0 (size before relaxing)

.comment        0x0000000000000000       0x50
 .comment       0x0000000000000000       0x50 ./Common/System/system_stm32wlxx.o
                                         0x51 (size before relaxing)
 .comment       0x0000000000000050       0x51 ./Core/Src/gpio.o
 .comment       0x0000000000000050       0x51 ./Core/Src/i2c.o
 .comment       0x0000000000000050       0x51 ./Core/Src/main.o
 .comment       0x0000000000000050       0x51 ./Core/Src/stm32wlxx_hal_msp.o
 .comment       0x0000000000000050       0x51 ./Core/Src/stm32wlxx_it.o
 .comment       0x0000000000000050       0x51 ./Core/Src/usart.o
 .comment       0x0000000000000050       0x51 ./Drivers/STM32WLxx_HAL_Driver/stm32wlxx_hal.o
 .comment       0x0000000000000050       0x51 ./Drivers/STM32WLxx_HAL_Driver/stm32wlxx_hal_cortex.o
 .comment       0x0000000000000050       0x51 ./Drivers/STM32WLxx_HAL_Driver/stm32wlxx_hal_gpio.o
 .comment       0x0000000000000050       0x51 ./Drivers/STM32WLxx_HAL_Driver/stm32wlxx_hal_i2c.o
 .comment       0x0000000000000050       0x51 ./Drivers/STM32WLxx_HAL_Driver/stm32wlxx_hal_i2c_ex.o
 .comment       0x0000000000000050       0x51 ./Drivers/STM32WLxx_HAL_Driver/stm32wlxx_hal_pwr.o
 .comment       0x0000000000000050       0x51 ./Drivers/STM32WLxx_HAL_Driver/stm32wlxx_hal_pwr_ex.o
 .comment       0x0000000000000050       0x51 ./Drivers/STM32WLxx_HAL_Driver/stm32wlxx_hal_rcc.o
 .comment       0x0000000000000050       0x51 ./Drivers/STM32WLxx_HAL_Driver/stm32wlxx_hal_rcc_ex.o
 .comment       0x0000000000000050       0x51 ./Drivers/STM32WLxx_HAL_Driver/stm32wlxx_hal_uart.o
 .comment       0x0000000000000050       0x51 ./Drivers/STM32WLxx_HAL_Driver/stm32wlxx_hal_uart_ex.o

.debug_frame    0x0000000000000000     0x4d34
 .debug_frame   0x0000000000000000       0x58 ./Common/System/system_stm32wlxx.o
 .debug_frame   0x0000000000000058       0x5c ./Core/Src/gpio.o
 .debug_frame   0x00000000000000b4      0x20c ./Core/Src/i2c.o
 .debug_frame   0x00000000000002c0       0x90 ./Core/Src/main.o
 .debug_frame   0x0000000000000350       0x30 ./Core/Src/stm32wlxx_hal_msp.o
 .debug_frame   0x0000000000000380      0x104 ./Core/Src/stm32wlxx_it.o
 .debug_frame   0x0000000000000484       0xec ./Core/Src/usart.o
 .debug_frame   0x0000000000000570      0x948 ./Drivers/STM32WLxx_HAL_Driver/stm32wlxx_hal.o
 .debug_frame   0x0000000000000eb8      0x498 ./Drivers/STM32WLxx_HAL_Driver/stm32wlxx_hal_cortex.o
 .debug_frame   0x0000000000001350      0x174 ./Drivers/STM32WLxx_HAL_Driver/stm32wlxx_hal_gpio.o
 .debug_frame   0x00000000000014c4      0xbe8 ./Drivers/STM32WLxx_HAL_Driver/stm32wlxx_hal_i2c.o
 .debug_frame   0x00000000000020ac      0x100 ./Drivers/STM32WLxx_HAL_Driver/stm32wlxx_hal_i2c_ex.o
 .debug_frame   0x00000000000021ac      0x31c ./Drivers/STM32WLxx_HAL_Driver/stm32wlxx_hal_pwr.o
 .debug_frame   0x00000000000024c8      0x894 ./Drivers/STM32WLxx_HAL_Driver/stm32wlxx_hal_pwr_ex.o
 .debug_frame   0x0000000000002d5c      0x974 ./Drivers/STM32WLxx_HAL_Driver/stm32wlxx_hal_rcc.o
 .debug_frame   0x00000000000036d0      0x838 ./Drivers/STM32WLxx_HAL_Driver/stm32wlxx_hal_rcc_ex.o
 .debug_frame   0x0000000000003f08      0xae4 ./Drivers/STM32WLxx_HAL_Driver/stm32wlxx_hal_uart.o
 .debug_frame   0x00000000000049ec      0x29c ./Drivers/STM32WLxx_HAL_Driver/stm32wlxx_hal_uart_ex.o
 .debug_frame   0x0000000000004c88       0x2c c:/st/stm32cubeide_1.10.1/stm32cubeide/plugins/com.st.stm32cube.ide.mcu.externaltools.gnu-tools-for-stm32.10.3-2021.10.win32_1.0.0.202111181127/tools/bin/../lib/gcc/arm-none-eabi/10.3.1/../../../../arm-none-eabi/lib/thumb/v7e-m/nofp\libc_nano.a(lib_a-init.o)
 .debug_frame   0x0000000000004cb4       0x20 c:/st/stm32cubeide_1.10.1/stm32cubeide/plugins/com.st.stm32cube.ide.mcu.externaltools.gnu-tools-for-stm32.10.3-2021.10.win32_1.0.0.202111181127/tools/bin/../lib/gcc/arm-none-eabi/10.3.1/../../../../arm-none-eabi/lib/thumb/v7e-m/nofp\libc_nano.a(lib_a-memset.o)
 .debug_frame   0x0000000000004cd4       0x2c c:/st/stm32cubeide_1.10.1/stm32cubeide/plugins/com.st.stm32cube.ide.mcu.externaltools.gnu-tools-for-stm32.10.3-2021.10.win32_1.0.0.202111181127/tools/bin/../lib/gcc/arm-none-eabi/10.3.1/thumb/v7e-m/nofp\libgcc.a(_aeabi_uldivmod.o)
 .debug_frame   0x0000000000004d00       0x34 c:/st/stm32cubeide_1.10.1/stm32cubeide/plugins/com.st.stm32cube.ide.mcu.externaltools.gnu-tools-for-stm32.10.3-2021.10.win32_1.0.0.202111181127/tools/bin/../lib/gcc/arm-none-eabi/10.3.1/thumb/v7e-m/nofp\libgcc.a(_udivmoddi4.o)
