../../Drivers/STM32WLxx_HAL_Driver/Inc/stm32wlxx_ll_bus.h:449:22:LL_AHB2_GRP1_EnableClock	24	static
../../Drivers/STM32WLxx_HAL_Driver/Inc/stm32wlxx_ll_bus.h:914:22:LL_APB1_GRP1_EnableClock	24	static
../../Drivers/STM32WLxx_HAL_Driver/Inc/stm32wlxx_ll_bus.h:1018:22:LL_APB1_GRP1_DisableClock	16	static
../Core/Src/i2c.c:30:6:MX_I2C1_Init	8	static
../Core/Src/i2c.c:73:6:HAL_I2C_MspInit	96	static
../Core/Src/i2c.c:113:6:HAL_I2C_MspDeInit	16	static
../Core/Src/i2c.c:139:6:LCD_Init	8	static
../Core/Src/i2c.c:159:6:LCD_Send_Cmd	32	static
../Core/Src/i2c.c:192:6:LCD_Send_Data	32	static
../Core/Src/i2c.c:225:6:LCD_Send_String	16	static
../Core/Src/i2c.c:232:6:LCD_Clear_Then_Display	16	static
../Core/Src/i2c.c:237:6:LCD_Send_String_On_Line1	16	static
../Core/Src/i2c.c:242:6:LCD_Send_String_On_Line2	16	static
../Core/Src/i2c.c:247:6:LCD_Display_Long_Message	32	static
